Archive member included because of file (symbol)

d:/program files (x86)/emblocks/2.30/share/em_armgcc/bin/../lib/gcc/arm-none-eabi/4.7.3/../../../../arm-none-eabi/lib/armv7e-m/fpu\libc_n.a(lib_a-exit.o)
                              d:/program files (x86)/emblocks/2.30/share/em_armgcc/bin/../lib/gcc/arm-none-eabi/4.7.3/../../../../arm-none-eabi/lib/armv7e-m/fpu/crt0.o (exit)
d:/program files (x86)/emblocks/2.30/share/em_armgcc/bin/../lib/gcc/arm-none-eabi/4.7.3/../../../../arm-none-eabi/lib/armv7e-m/fpu\libc_n.a(lib_a-impure.o)
                              d:/program files (x86)/emblocks/2.30/share/em_armgcc/bin/../lib/gcc/arm-none-eabi/4.7.3/../../../../arm-none-eabi/lib/armv7e-m/fpu\libc_n.a(lib_a-exit.o) (_global_impure_ptr)
d:/program files (x86)/emblocks/2.30/share/em_armgcc/bin/../lib/gcc/arm-none-eabi/4.7.3/../../../../arm-none-eabi/lib/armv7e-m/fpu\libc_n.a(lib_a-init.o)
                              d:/program files (x86)/emblocks/2.30/share/em_armgcc/bin/../lib/gcc/arm-none-eabi/4.7.3/../../../../arm-none-eabi/lib/armv7e-m/fpu/crt0.o (__libc_init_array)
d:/program files (x86)/emblocks/2.30/share/em_armgcc/bin/../lib/gcc/arm-none-eabi/4.7.3/../../../../arm-none-eabi/lib/armv7e-m/fpu\libc_n.a(lib_a-memset.o)
                              d:/program files (x86)/emblocks/2.30/share/em_armgcc/bin/../lib/gcc/arm-none-eabi/4.7.3/../../../../arm-none-eabi/lib/armv7e-m/fpu/crt0.o (memset)
d:/program files (x86)/emblocks/2.30/share/em_armgcc/bin/../lib/gcc/arm-none-eabi/4.7.3/../../../../arm-none-eabi/lib/armv7e-m/fpu\libnosys.a(_exit.o)
                              d:/program files (x86)/emblocks/2.30/share/em_armgcc/bin/../lib/gcc/arm-none-eabi/4.7.3/../../../../arm-none-eabi/lib/armv7e-m/fpu\libc_n.a(lib_a-exit.o) (_exit)

Allocating common symbols
Common symbol       size              file

pFlash              0x20              obj\debug\stm32f4xx_hal_driver\src\stm32f4xx_hal_flash.o

Discarded input sections

 .text          0x00000000        0x0 d:/program files (x86)/emblocks/2.30/share/em_armgcc/bin/../lib/gcc/arm-none-eabi/4.7.3/armv7e-m/fpu/crti.o
 .data          0x00000000        0x0 d:/program files (x86)/emblocks/2.30/share/em_armgcc/bin/../lib/gcc/arm-none-eabi/4.7.3/armv7e-m/fpu/crti.o
 .bss           0x00000000        0x0 d:/program files (x86)/emblocks/2.30/share/em_armgcc/bin/../lib/gcc/arm-none-eabi/4.7.3/armv7e-m/fpu/crti.o
 .data          0x00000000        0x4 d:/program files (x86)/emblocks/2.30/share/em_armgcc/bin/../lib/gcc/arm-none-eabi/4.7.3/armv7e-m/fpu/crtbegin.o
 .data          0x00000000        0x0 d:/program files (x86)/emblocks/2.30/share/em_armgcc/bin/../lib/gcc/arm-none-eabi/4.7.3/../../../../arm-none-eabi/lib/armv7e-m/fpu/crt0.o
 .bss           0x00000000        0x0 d:/program files (x86)/emblocks/2.30/share/em_armgcc/bin/../lib/gcc/arm-none-eabi/4.7.3/../../../../arm-none-eabi/lib/armv7e-m/fpu/crt0.o
 .ARM.extab     0x00000000        0x0 d:/program files (x86)/emblocks/2.30/share/em_armgcc/bin/../lib/gcc/arm-none-eabi/4.7.3/../../../../arm-none-eabi/lib/armv7e-m/fpu/crt0.o
 .group         0x00000000        0x8 obj\debug\bsp\stm32f4xx_nucleo.o
 .group         0x00000000        0x8 obj\debug\bsp\stm32f4xx_nucleo.o
 .group         0x00000000        0x8 obj\debug\bsp\stm32f4xx_nucleo.o
 .group         0x00000000        0x8 obj\debug\bsp\stm32f4xx_nucleo.o
 .group         0x00000000        0x8 obj\debug\bsp\stm32f4xx_nucleo.o
 .group         0x00000000        0x8 obj\debug\bsp\stm32f4xx_nucleo.o
 .group         0x00000000        0x8 obj\debug\bsp\stm32f4xx_nucleo.o
 .group         0x00000000        0x8 obj\debug\bsp\stm32f4xx_nucleo.o
 .group         0x00000000        0x8 obj\debug\bsp\stm32f4xx_nucleo.o
 .group         0x00000000        0x8 obj\debug\bsp\stm32f4xx_nucleo.o
 .group         0x00000000        0x8 obj\debug\bsp\stm32f4xx_nucleo.o
 .group         0x00000000        0x8 obj\debug\bsp\stm32f4xx_nucleo.o
 .group         0x00000000        0x8 obj\debug\bsp\stm32f4xx_nucleo.o
 .group         0x00000000        0x8 obj\debug\bsp\stm32f4xx_nucleo.o
 .group         0x00000000        0x8 obj\debug\bsp\stm32f4xx_nucleo.o
 .group         0x00000000        0x8 obj\debug\bsp\stm32f4xx_nucleo.o
 .group         0x00000000        0x8 obj\debug\bsp\stm32f4xx_nucleo.o
 .group         0x00000000        0x8 obj\debug\bsp\stm32f4xx_nucleo.o
 .group         0x00000000        0x8 obj\debug\bsp\stm32f4xx_nucleo.o
 .group         0x00000000        0x8 obj\debug\bsp\stm32f4xx_nucleo.o
 .group         0x00000000        0x8 obj\debug\bsp\stm32f4xx_nucleo.o
 .group         0x00000000        0x8 obj\debug\bsp\stm32f4xx_nucleo.o
 .group         0x00000000        0x8 obj\debug\bsp\stm32f4xx_nucleo.o
 .group         0x00000000        0x8 obj\debug\bsp\stm32f4xx_nucleo.o
 .group         0x00000000        0x8 obj\debug\bsp\stm32f4xx_nucleo.o
 .group         0x00000000        0x8 obj\debug\bsp\stm32f4xx_nucleo.o
 .group         0x00000000        0x8 obj\debug\bsp\stm32f4xx_nucleo.o
[...]
Memory Configuration

Name             Origin             Length             Attributes
ROM              0x08000000         0x00080000         xr
RAM              0x20000000         0x00018000         xrw
*default*        0x00000000         0xffffffff

Linker script and memory map

LOAD d:/program files (x86)/emblocks/2.30/share/em_armgcc/bin/../lib/gcc/arm-none-eabi/4.7.3/armv7e-m/fpu/crti.o
LOAD d:/program files (x86)/emblocks/2.30/share/em_armgcc/bin/../lib/gcc/arm-none-eabi/4.7.3/armv7e-m/fpu/crtbegin.o
LOAD d:/program files (x86)/emblocks/2.30/share/em_armgcc/bin/../lib/gcc/arm-none-eabi/4.7.3/../../../../arm-none-eabi/lib/armv7e-m/fpu/crt0.o
                0x00000000                __HEAP_SIZE = 0x0
                0x00000100                __STACK_SIZE = 0x100

.text           0x08000000     0x233c
 *(.isr_vector)
 .isr_vector    0x08000000      0x188 obj\debug\src\startup_stm32f4xx.o
                0x08000000                __isr_vector
 *(.text*)
 .text          0x08000188       0x54 d:/program files (x86)/emblocks/2.30/share/em_armgcc/bin/../lib/gcc/arm-none-eabi/4.7.3/armv7e-m/fpu/crtbegin.o
 .text          0x080001dc       0x74 d:/program files (x86)/emblocks/2.30/share/em_armgcc/bin/../lib/gcc/arm-none-eabi/4.7.3/../../../../arm-none-eabi/lib/armv7e-m/fpu/crt0.o
                0x080001dc                _start
                0x080001dc                _mainCRTStartup
 .text.HAL_Init
                0x08000250       0x68 obj\debug\stm32f4xx_hal_driver\src\stm32f4xx_hal.o
                0x08000250                HAL_Init
 .text.HAL_InitTick
                0x080002b8       0x40 obj\debug\stm32f4xx_hal_driver\src\stm32f4xx_hal.o
                0x080002b8                HAL_InitTick
 .text.HAL_IncTick
                0x080002f8       0x24 obj\debug\stm32f4xx_hal_driver\src\stm32f4xx_hal.o
                0x080002f8                HAL_IncTick
 .text.HAL_GetTick
                0x0800031c       0x18 obj\debug\stm32f4xx_hal_driver\src\stm32f4xx_hal.o
                0x0800031c                HAL_GetTick
 .text.HAL_Delay
                0x08000334       0x30 obj\debug\stm32f4xx_hal_driver\src\stm32f4xx_hal.o
                0x08000334                HAL_Delay
 .text.NVIC_SetPriorityGrouping
                0x08000364       0x50 obj\debug\stm32f4xx_hal_driver\src\stm32f4xx_hal_cortex.o
 .text.NVIC_GetPriorityGrouping
                0x080003b4       0x20 obj\debug\stm32f4xx_hal_driver\src\stm32f4xx_hal_cortex.o
 .text.NVIC_SetPriority
                0x080003d4       0x5c obj\debug\stm32f4xx_hal_driver\src\stm32f4xx_hal_cortex.o
 .text.NVIC_EncodePriority
                0x08000430       0x78 obj\debug\stm32f4xx_hal_driver\src\stm32f4xx_hal_cortex.o
 .text.SysTick_Config
                0x080004a8       0x64 obj\debug\stm32f4xx_hal_driver\src\stm32f4xx_hal_cortex.o
 .text.HAL_NVIC_SetPriorityGrouping
                0x0800050c       0x18 obj\debug\stm32f4xx_hal_driver\src\stm32f4xx_hal_cortex.o
                0x0800050c                HAL_NVIC_SetPriorityGrouping
 .text.HAL_NVIC_SetPriority
                0x08000524       0x3c obj\debug\stm32f4xx_hal_driver\src\stm32f4xx_hal_cortex.o
                0x08000524                HAL_NVIC_SetPriority
 .text.HAL_SYSTICK_Config
                0x08000560       0x1c obj\debug\stm32f4xx_hal_driver\src\stm32f4xx_hal_cortex.o
                0x08000560                HAL_SYSTICK_Config
 .text.HAL_GPIO_Init
                0x0800057c      0x3ac obj\debug\stm32f4xx_hal_driver\src\stm32f4xx_hal_gpio.o
                0x0800057c                HAL_GPIO_Init
 .text.HAL_GPIO_ReadPin
                0x08000928       0x34 obj\debug\stm32f4xx_hal_driver\src\stm32f4xx_hal_gpio.o
                0x08000928                HAL_GPIO_ReadPin
 .text.HAL_GPIO_WritePin
                0x0800095c       0x34 obj\debug\stm32f4xx_hal_driver\src\stm32f4xx_hal_gpio.o
                0x0800095c                HAL_GPIO_WritePin
 .text.HAL_GPIO_TogglePin
                0x08000990       0x24 obj\debug\stm32f4xx_hal_driver\src\stm32f4xx_hal_gpio.o
                0x08000990                HAL_GPIO_TogglePin
 .text.HAL_MspInit
                0x080009b4        0xc obj\debug\stm32f4xx_hal_driver\src\stm32f4xx_hal_msp_template.o
                0x080009b4                HAL_MspInit
 .text.HAL_RCC_OscConfig
                0x080009c0      0x5f0 obj\debug\stm32f4xx_hal_driver\src\stm32f4xx_hal_rcc.o
                0x080009c0                HAL_RCC_OscConfig
 .text.HAL_RCC_ClockConfig
                0x08000fb0      0x3ec obj\debug\stm32f4xx_hal_driver\src\stm32f4xx_hal_rcc.o
                0x08000fb0                HAL_RCC_ClockConfig
 .text.HAL_RCC_GetSysClockFreq
                0x0800139c      0x160 obj\debug\stm32f4xx_hal_driver\src\stm32f4xx_hal_rcc.o
                0x0800139c                HAL_RCC_GetSysClockFreq
 .text.HAL_RCC_GetHCLKFreq
                0x080014fc       0x68 obj\debug\stm32f4xx_hal_driver\src\stm32f4xx_hal_rcc.o
                0x080014fc                HAL_RCC_GetHCLKFreq
 .text.main     0x08001564      0xa18 obj\debug\src\main.o
                0x08001564                main
 .text.SystemClock_Config
                0x08001f7c       0xe8 obj\debug\src\main.o
 .text.Error_Handler
                0x08002064        0x8 obj\debug\src\main.o
 .text          0x0800206c      0x108 obj\debug\src\startup_stm32f4xx.o
                0x0800206c                Reset_Handler
                0x080020c4                Default_Handler
                0x080020c6                WWDG_IRQHandler
                0x080020c8                PVD_IRQHandler
                0x080020ca                TAMP_STAMP_IRQHandler
                0x080020cc                RTC_WKUP_IRQHandler
                0x080020ce                FLASH_IRQHandler
                0x080020d0                RCC_IRQHandler
                0x080020d2                EXTI0_IRQHandler
                0x080020d4                EXTI1_IRQHandler
                0x080020d6                EXTI2_IRQHandler
                0x080020d8                EXTI3_IRQHandler
                0x080020da                EXTI4_IRQHandler
                0x080020dc                DMA1_Stream0_IRQHandler
                0x080020de                DMA1_Stream1_IRQHandler
                0x080020e0                DMA1_Stream2_IRQHandler
                0x080020e2                DMA1_Stream3_IRQHandler
                0x080020e4                DMA1_Stream4_IRQHandler
                0x080020e6                DMA1_Stream5_IRQHandler
                0x080020e8                DMA1_Stream6_IRQHandler
                0x080020ea                ADC_IRQHandler
                0x080020ec                CAN1_TX_IRQHandler
                0x080020ee                CAN1_RX0_IRQHandler
                0x080020f0                CAN1_RX1_IRQHandler
                0x080020f2                CAN1_SCE_IRQHandler
                0x080020f4                EXTI9_5_IRQHandler
                0x080020f6                TIM1_BRK_TIM9_IRQHandler
                0x080020f8                TIM1_UP_TIM10_IRQHandler
                0x080020fa                TIM1_TRG_COM_TIM11_IRQHandler
                0x080020fc                TIM1_CC_IRQHandler
                0x080020fe                TIM2_IRQHandler
                0x08002100                TIM3_IRQHandler
                0x08002102                TIM4_IRQHandler
                0x08002104                I2C1_EV_IRQHandler
                0x08002106                I2C1_ER_IRQHandler
                0x08002108                I2C2_EV_IRQHandler
                0x0800210a                I2C2_ER_IRQHandler
                0x0800210c                SPI1_IRQHandler
                0x0800210e                SPI2_IRQHandler
                0x08002110                USART1_IRQHandler
                0x08002112                USART2_IRQHandler
                0x08002114                USART3_IRQHandler
                0x08002116                EXTI15_10_IRQHandler
                0x08002118                RTC_Alarm_IRQHandler
                0x0800211a                OTG_FS_WKUP_IRQHandler
                0x0800211c                TIM8_BRK_TIM12_IRQHandler
                0x0800211e                TIM8_UP_TIM13_IRQHandler
                0x08002120                TIM8_TRG_COM_TIM14_IRQHandler
                0x08002122                TIM8_CC_IRQHandler
                0x08002124                DMA1_Stream7_IRQHandler
                0x08002126                FSMC_IRQHandler
                0x08002128                SDIO_IRQHandler
                0x0800212a                TIM5_IRQHandler
                0x0800212c                SPI3_IRQHandler
                0x0800212e                UART4_IRQHandler
                0x08002130                UART5_IRQHandler
                0x08002132                TIM6_DAC_IRQHandler
                0x08002134                TIM7_IRQHandler
                0x08002136                DMA2_Stream0_IRQHandler
                0x08002138                DMA2_Stream1_IRQHandler
                0x0800213a                DMA2_Stream2_IRQHandler
                0x0800213c                DMA2_Stream3_IRQHandler
                0x0800213e                DMA2_Stream4_IRQHandler
                0x08002140                ETH_IRQHandler
                0x08002142                ETH_WKUP_IRQHandler
                0x08002144                CAN2_TX_IRQHandler
                0x08002146                CAN2_RX0_IRQHandler
                0x08002148                CAN2_RX1_IRQHandler
                0x0800214a                CAN2_SCE_IRQHandler
                0x0800214c                OTG_FS_IRQHandler
                0x0800214e                DMA2_Stream5_IRQHandler
                0x08002150                DMA2_Stream6_IRQHandler
                0x08002152                DMA2_Stream7_IRQHandler
                0x08002154                USART6_IRQHandler
                0x08002156                I2C3_EV_IRQHandler
                0x08002158                I2C3_ER_IRQHandler
                0x0800215a                OTG_HS_EP1_OUT_IRQHandler
                0x0800215c                OTG_HS_EP1_IN_IRQHandler
                0x0800215e                OTG_HS_WKUP_IRQHandler
                0x08002160                OTG_HS_IRQHandler
                0x08002162                DCMI_IRQHandler
                0x08002164                CRYP_IRQHandler
                0x08002166                HASH_RNG_IRQHandler
                0x08002168                FPU_IRQHandler
 .text.NMI_Handler
                0x08002174        0xc obj\debug\src\stm32f4xx_it.o
                0x08002174                NMI_Handler
 .text.HardFault_Handler
                0x08002180        0x8 obj\debug\src\stm32f4xx_it.o
                0x08002180                HardFault_Handler
 .text.MemManage_Handler
                0x08002188        0x8 obj\debug\src\stm32f4xx_it.o
                0x08002188                MemManage_Handler
 .text.BusFault_Handler
                0x08002190        0x8 obj\debug\src\stm32f4xx_it.o
                0x08002190                BusFault_Handler
 .text.UsageFault_Handler
                0x08002198        0x8 obj\debug\src\stm32f4xx_it.o
                0x08002198                UsageFault_Handler
 .text.SVC_Handler
                0x080021a0        0xc obj\debug\src\stm32f4xx_it.o
                0x080021a0                SVC_Handler
 .text.DebugMon_Handler
                0x080021ac        0xc obj\debug\src\stm32f4xx_it.o
                0x080021ac                DebugMon_Handler
 .text.PendSV_Handler
                0x080021b8        0xc obj\debug\src\stm32f4xx_it.o
                0x080021b8                PendSV_Handler
 .text.SysTick_Handler
                0x080021c4        0xc obj\debug\src\stm32f4xx_it.o
                0x080021c4                SysTick_Handler
 .text.SystemInit
                0x080021d0       0xb0 obj\debug\src\system_stm32f4xx.o
                0x080021d0                SystemInit
 .text.exit     0x08002280       0x28 d:/program files (x86)/emblocks/2.30/share/em_armgcc/bin/../lib/gcc/arm-none-eabi/4.7.3/../../../../arm-none-eabi/lib/armv7e-m/fpu\libc_n.a(lib_a-exit.o)
                0x08002280                exit
 .text.__libc_init_array
                0x080022a8       0x4c d:/program files (x86)/emblocks/2.30/share/em_armgcc/bin/../lib/gcc/arm-none-eabi/4.7.3/../../../../arm-none-eabi/lib/armv7e-m/fpu\libc_n.a(lib_a-init.o)
                0x080022a8                __libc_init_array
 .text.memset   0x080022f4       0x10 d:/program files (x86)/emblocks/2.30/share/em_armgcc/bin/../lib/gcc/arm-none-eabi/4.7.3/../../../../arm-none-eabi/lib/armv7e-m/fpu\libc_n.a(lib_a-memset.o)
                0x080022f4                memset
 .text._exit    0x08002304        0x4 d:/program files (x86)/emblocks/2.30/share/em_armgcc/bin/../lib/gcc/arm-none-eabi/4.7.3/../../../../arm-none-eabi/lib/armv7e-m/fpu\libnosys.a(_exit.o)
                0x08002304                _exit
 *(.init)
 .init          0x08002308        0x4 d:/program files (x86)/emblocks/2.30/share/em_armgcc/bin/../lib/gcc/arm-none-eabi/4.7.3/armv7e-m/fpu/crti.o
                0x08002308                _init
 .init          0x0800230c        0x8 d:/program files (x86)/emblocks/2.30/share/em_armgcc/bin/../lib/gcc/arm-none-eabi/4.7.3/armv7e-m/fpu/crtn.o
 *(.fini)
 .fini          0x08002314        0x4 d:/program files (x86)/emblocks/2.30/share/em_armgcc/bin/../lib/gcc/arm-none-eabi/4.7.3/armv7e-m/fpu/crti.o
                0x08002314                _fini
 .fini          0x08002318        0x8 d:/program files (x86)/emblocks/2.30/share/em_armgcc/bin/../lib/gcc/arm-none-eabi/4.7.3/armv7e-m/fpu/crtn.o
 *crtbegin.o(.ctors)
 *crtbegin?.o(.ctors)
 *(EXCLUDE_FILE(*crtend.o *crtend?.o) .ctors)
 *(SORT(.ctors.*))
 *(.ctors)
 *crtbegin.o(.dtors)
 *crtbegin?.o(.dtors)
 *(EXCLUDE_FILE(*crtend.o *crtend?.o) .dtors)
 *(SORT(.dtors.*))
 *(.dtors)
 *(.rodata*)
 .rodata.APBAHBPrescTable
                0x08002320       0x10 obj\debug\stm32f4xx_hal_driver\src\stm32f4xx_hal_rcc.o
                0x08002320                APBAHBPrescTable
 .rodata.str1.1
                0x08002330        0x2 d:/program files (x86)/emblocks/2.30/share/em_armgcc/bin/../lib/gcc/arm-none-eabi/4.7.3/../../../../arm-none-eabi/lib/armv7e-m/fpu\libc_n.a(lib_a-impure.o)
 *fill*         0x08002332        0x2 
 .rodata._global_impure_ptr
                0x08002334        0x4 d:/program files (x86)/emblocks/2.30/share/em_armgcc/bin/../lib/gcc/arm-none-eabi/4.7.3/../../../../arm-none-eabi/lib/armv7e-m/fpu\libc_n.a(lib_a-impure.o)
                0x08002334                _global_impure_ptr
 *(.eh_frame*)
 .eh_frame      0x08002338        0x0 d:/program files (x86)/emblocks/2.30/share/em_armgcc/bin/../lib/gcc/arm-none-eabi/4.7.3/armv7e-m/fpu/crtbegin.o
 .eh_frame      0x08002338        0x4 d:/program files (x86)/emblocks/2.30/share/em_armgcc/bin/../lib/gcc/arm-none-eabi/4.7.3/armv7e-m/fpu/crtend.o

.glue_7         0x0800233c        0x0
 .glue_7        0x00000000        0x0 linker stubs

.glue_7t        0x0800233c        0x0
 .glue_7t       0x00000000        0x0 linker stubs

.vfp11_veneer   0x0800233c        0x0
 .vfp11_veneer  0x00000000        0x0 linker stubs

.v4_bx          0x0800233c        0x0
 .v4_bx         0x00000000        0x0 linker stubs

.iplt           0x0800233c        0x0
 .iplt          0x00000000        0x0 d:/program files (x86)/emblocks/2.30/share/em_armgcc/bin/../lib/gcc/arm-none-eabi/4.7.3/armv7e-m/fpu/crtbegin.o

.ARM.extab
 *(.ARM.extab* .gnu.linkonce.armextab.*)
                0x0800233c                __exidx_start = .

.ARM.exidx      0x0800233c        0x8
 *(.ARM.exidx* .gnu.linkonce.armexidx.*)
 .ARM.exidx     0x0800233c        0x8 d:/program files (x86)/emblocks/2.30/share/em_armgcc/bin/../lib/gcc/arm-none-eabi/4.7.3/../../../../arm-none-eabi/lib/armv7e-m/fpu/crt0.o
                0x08002344                __exidx_end = .
                0x08002344                __etext = .

.rel.dyn        0x08002344        0x0
 .rel.iplt      0x00000000        0x0 d:/program files (x86)/emblocks/2.30/share/em_armgcc/bin/../lib/gcc/arm-none-eabi/4.7.3/armv7e-m/fpu/crtbegin.o

.data           0x20000000       0x6c load address 0x08002344
                0x20000000                __data_start__ = .
 *(vtable)
 *(.data*)
 .data.SystemCoreClock
                0x20000000        0x4 obj\debug\src\system_stm32f4xx.o
                0x20000000                SystemCoreClock
 .data.impure_data
                0x20000004       0x60 d:/program files (x86)/emblocks/2.30/share/em_armgcc/bin/../lib/gcc/arm-none-eabi/4.7.3/../../../../arm-none-eabi/lib/armv7e-m/fpu\libc_n.a(lib_a-impure.o)
                0x20000064                . = ALIGN (0x4)
                0x20000064                PROVIDE (__preinit_array_start, .)
 *(.preinit_array)
                0x20000064                PROVIDE (__preinit_array_end, .)
                0x20000064                . = ALIGN (0x4)
                0x20000064                PROVIDE (__init_array_start, .)
 *(SORT(.init_array.*))
 *(.init_array)
 .init_array    0x20000064        0x4 d:/program files (x86)/emblocks/2.30/share/em_armgcc/bin/../lib/gcc/arm-none-eabi/4.7.3/armv7e-m/fpu/crtbegin.o
                0x20000068                PROVIDE (__init_array_end, .)
                0x20000068                . = ALIGN (0x4)
                0x20000068                PROVIDE (__fini_array_start, .)
 *(SORT(.fini_array.*))
 *(.fini_array)
 .fini_array    0x20000068        0x4 d:/program files (x86)/emblocks/2.30/share/em_armgcc/bin/../lib/gcc/arm-none-eabi/4.7.3/armv7e-m/fpu/crtbegin.o
                0x2000006c                PROVIDE (__fini_array_end, .)
                0x2000006c                . = ALIGN (0x4)
                0x2000006c                __data_end__ = .

.jcr            0x2000006c        0x0 load address 0x080023b0
 .jcr           0x2000006c        0x0 d:/program files (x86)/emblocks/2.30/share/em_armgcc/bin/../lib/gcc/arm-none-eabi/4.7.3/armv7e-m/fpu/crtbegin.o

.igot.plt       0x2000006c        0x0 load address 0x080023b0
 .igot.plt      0x00000000        0x0 d:/program files (x86)/emblocks/2.30/share/em_armgcc/bin/../lib/gcc/arm-none-eabi/4.7.3/armv7e-m/fpu/crtbegin.o

.bss            0x2000006c       0x34 load address 0x080023b0
                0x2000006c                __bss_start__ = .
 *(.bss*)
 .bss           0x2000006c       0x1c d:/program files (x86)/emblocks/2.30/share/em_armgcc/bin/../lib/gcc/arm-none-eabi/4.7.3/armv7e-m/fpu/crtbegin.o
 .bss.uwTick    0x20000088        0x4 obj\debug\stm32f4xx_hal_driver\src\stm32f4xx_hal.o
 .bss.GPIO_InitStruct
                0x2000008c       0x14 obj\debug\src\main.o
 *(COMMON)
                0x200000a0                __bss_end__ = .

.heap           0x200000a0        0x0
                0x200000a0                __end__ = .
                0x200000a0                end = __end__
 *(.heap*)
 .heap          0x200000a0        0x0 obj\debug\src\startup_stm32f4xx.o
                0x200000a0                __HeapLimit = .

.stack_dummy    0x200000a0      0x100
 *(.stack)
 .stack         0x200000a0      0x100 obj\debug\src\startup_stm32f4xx.o
                0x20018000                __StackTop = (ORIGIN (RAM) + 0x18000)
                0x20017f00                __StackLimit = (__StackTop - SIZEOF (.stack_dummy))
                0x20018000                PROVIDE (__stack, __StackTop)
                0x00000001                ASSERT ((__StackLimit >= __HeapLimit), region RAM overflowed with stack)
LOAD obj\debug\bsp\stm32f4xx_nucleo.o
LOAD obj\debug\stm32f4xx_hal_driver\src\stm32f4xx_hal.o
LOAD obj\debug\stm32f4xx_hal_driver\src\stm32f4xx_hal_adc.o
LOAD obj\debug\stm32f4xx_hal_driver\src\stm32f4xx_hal_adc_ex.o
LOAD obj\debug\stm32f4xx_hal_driver\src\stm32f4xx_hal_can.o
LOAD obj\debug\stm32f4xx_hal_driver\src\stm32f4xx_hal_cec.o
LOAD obj\debug\stm32f4xx_hal_driver\src\stm32f4xx_hal_cortex.o
LOAD obj\debug\stm32f4xx_hal_driver\src\stm32f4xx_hal_crc.o
LOAD obj\debug\stm32f4xx_hal_driver\src\stm32f4xx_hal_cryp.o
LOAD obj\debug\stm32f4xx_hal_driver\src\stm32f4xx_hal_cryp_ex.o
LOAD obj\debug\stm32f4xx_hal_driver\src\stm32f4xx_hal_dac.o
LOAD obj\debug\stm32f4xx_hal_driver\src\stm32f4xx_hal_dac_ex.o
LOAD obj\debug\stm32f4xx_hal_driver\src\stm32f4xx_hal_dcmi.o
LOAD obj\debug\stm32f4xx_hal_driver\src\stm32f4xx_hal_dcmi_ex.o
LOAD obj\debug\stm32f4xx_hal_driver\src\stm32f4xx_hal_dma.o
LOAD obj\debug\stm32f4xx_hal_driver\src\stm32f4xx_hal_dma2d.o
LOAD obj\debug\stm32f4xx_hal_driver\src\stm32f4xx_hal_dma_ex.o
LOAD obj\debug\stm32f4xx_hal_driver\src\stm32f4xx_hal_dsi.o
LOAD obj\debug\stm32f4xx_hal_driver\src\stm32f4xx_hal_eth.o
LOAD obj\debug\stm32f4xx_hal_driver\src\stm32f4xx_hal_flash.o
LOAD obj\debug\stm32f4xx_hal_driver\src\stm32f4xx_hal_flash_ex.o
LOAD obj\debug\stm32f4xx_hal_driver\src\stm32f4xx_hal_flash_ramfunc.o
LOAD obj\debug\stm32f4xx_hal_driver\src\stm32f4xx_hal_fmpi2c.o
LOAD obj\debug\stm32f4xx_hal_driver\src\stm32f4xx_hal_fmpi2c_ex.o
LOAD obj\debug\stm32f4xx_hal_driver\src\stm32f4xx_hal_gpio.o
LOAD obj\debug\stm32f4xx_hal_driver\src\stm32f4xx_hal_hash.o
LOAD obj\debug\stm32f4xx_hal_driver\src\stm32f4xx_hal_hash_ex.o
LOAD obj\debug\stm32f4xx_hal_driver\src\stm32f4xx_hal_hcd.o
LOAD obj\debug\stm32f4xx_hal_driver\src\stm32f4xx_hal_i2c.o
LOAD obj\debug\stm32f4xx_hal_driver\src\stm32f4xx_hal_i2c_ex.o
LOAD obj\debug\stm32f4xx_hal_driver\src\stm32f4xx_hal_i2s.o
LOAD obj\debug\stm32f4xx_hal_driver\src\stm32f4xx_hal_i2s_ex.o
LOAD obj\debug\stm32f4xx_hal_driver\src\stm32f4xx_hal_irda.o
LOAD obj\debug\stm32f4xx_hal_driver\src\stm32f4xx_hal_iwdg.o
LOAD obj\debug\stm32f4xx_hal_driver\src\stm32f4xx_hal_lptim.o
LOAD obj\debug\stm32f4xx_hal_driver\src\stm32f4xx_hal_ltdc.o
LOAD obj\debug\stm32f4xx_hal_driver\src\stm32f4xx_hal_ltdc_ex.o
LOAD obj\debug\stm32f4xx_hal_driver\src\stm32f4xx_hal_msp_template.o
LOAD obj\debug\stm32f4xx_hal_driver\src\stm32f4xx_hal_nand.o
LOAD obj\debug\stm32f4xx_hal_driver\src\stm32f4xx_hal_nor.o
LOAD obj\debug\stm32f4xx_hal_driver\src\stm32f4xx_hal_pccard.o
LOAD obj\debug\stm32f4xx_hal_driver\src\stm32f4xx_hal_pcd.o
LOAD obj\debug\stm32f4xx_hal_driver\src\stm32f4xx_hal_pcd_ex.o
LOAD obj\debug\stm32f4xx_hal_driver\src\stm32f4xx_hal_pwr.o
LOAD obj\debug\stm32f4xx_hal_driver\src\stm32f4xx_hal_pwr_ex.o
LOAD obj\debug\stm32f4xx_hal_driver\src\stm32f4xx_hal_qspi.o
LOAD obj\debug\stm32f4xx_hal_driver\src\stm32f4xx_hal_rcc.o
LOAD obj\debug\stm32f4xx_hal_driver\src\stm32f4xx_hal_rcc_ex.o
LOAD obj\debug\stm32f4xx_hal_driver\src\stm32f4xx_hal_rng.o
LOAD obj\debug\stm32f4xx_hal_driver\src\stm32f4xx_hal_rtc.o
LOAD obj\debug\stm32f4xx_hal_driver\src\stm32f4xx_hal_rtc_ex.o
LOAD obj\debug\stm32f4xx_hal_driver\src\stm32f4xx_hal_sai.o
LOAD obj\debug\stm32f4xx_hal_driver\src\stm32f4xx_hal_sai_ex.o
LOAD obj\debug\stm32f4xx_hal_driver\src\stm32f4xx_hal_sd.o
LOAD obj\debug\stm32f4xx_hal_driver\src\stm32f4xx_hal_sdram.o
LOAD obj\debug\stm32f4xx_hal_driver\src\stm32f4xx_hal_smartcard.o
LOAD obj\debug\stm32f4xx_hal_driver\src\stm32f4xx_hal_spdifrx.o
LOAD obj\debug\stm32f4xx_hal_driver\src\stm32f4xx_hal_spi.o
LOAD obj\debug\stm32f4xx_hal_driver\src\stm32f4xx_hal_sram.o
LOAD obj\debug\stm32f4xx_hal_driver\src\stm32f4xx_hal_tim.o
LOAD obj\debug\stm32f4xx_hal_driver\src\stm32f4xx_hal_tim_ex.o
LOAD obj\debug\stm32f4xx_hal_driver\src\stm32f4xx_hal_uart.o
LOAD obj\debug\stm32f4xx_hal_driver\src\stm32f4xx_hal_usart.o
LOAD obj\debug\stm32f4xx_hal_driver\src\stm32f4xx_hal_wwdg.o
LOAD obj\debug\stm32f4xx_hal_driver\src\stm32f4xx_ll_fmc.o
LOAD obj\debug\stm32f4xx_hal_driver\src\stm32f4xx_ll_fsmc.o
LOAD obj\debug\stm32f4xx_hal_driver\src\stm32f4xx_ll_sdmmc.o
LOAD obj\debug\stm32f4xx_hal_driver\src\stm32f4xx_ll_usb.o
LOAD obj\debug\src\main.o
LOAD obj\debug\src\startup_stm32f4xx.o
LOAD obj\debug\src\stm32f4xx_it.o
LOAD obj\debug\src\system_stm32f4xx.o
START GROUP
LOAD d:/program files (x86)/emblocks/2.30/share/em_armgcc/bin/../lib/gcc/arm-none-eabi/4.7.3/armv7e-m/fpu\libgcc.a
LOAD d:/program files (x86)/emblocks/2.30/share/em_armgcc/bin/../lib/gcc/arm-none-eabi/4.7.3/../../../../arm-none-eabi/lib/armv7e-m/fpu\libc_n.a
LOAD d:/program files (x86)/emblocks/2.30/share/em_armgcc/bin/../lib/gcc/arm-none-eabi/4.7.3/../../../../arm-none-eabi/lib/armv7e-m/fpu\libg_n.a
LOAD d:/program files (x86)/emblocks/2.30/share/em_armgcc/bin/../lib/gcc/arm-none-eabi/4.7.3/../../../../arm-none-eabi/lib/armv7e-m/fpu\libnosys.a
END GROUP
LOAD d:/program files (x86)/emblocks/2.30/share/em_armgcc/bin/../lib/gcc/arm-none-eabi/4.7.3/armv7e-m/fpu/crtend.o
LOAD d:/program files (x86)/emblocks/2.30/share/em_armgcc/bin/../lib/gcc/arm-none-eabi/4.7.3/armv7e-m/fpu/crtn.o
OUTPUT(bin\Debug\BareMetal_blinky_propper.elf elf32-littlearm)

.ARM.attributes
                0x00000000       0x30
 .ARM.attributes
                0x00000000       0x22 d:/program files (x86)/emblocks/2.30/share/em_armgcc/bin/../lib/gcc/arm-none-eabi/4.7.3/armv7e-m/fpu/crti.o
 .ARM.attributes
                0x00000022       0x34 d:/program files (x86)/emblocks/2.30/share/em_armgcc/bin/../lib/gcc/arm-none-eabi/4.7.3/armv7e-m/fpu/crtbegin.o
 .ARM.attributes
                0x00000056       0x20 d:/program files (x86)/emblocks/2.30/share/em_armgcc/bin/../lib/gcc/arm-none-eabi/4.7.3/../../../../arm-none-eabi/lib/armv7e-m/fpu/crt0.o
 .ARM.attributes
                0x00000076       0x39 obj\debug\stm32f4xx_hal_driver\src\stm32f4xx_hal.o
 .ARM.attributes
                0x000000af       0x39 obj\debug\stm32f4xx_hal_driver\src\stm32f4xx_hal_cortex.o
 .ARM.attributes
                0x000000e8       0x39 obj\debug\stm32f4xx_hal_driver\src\stm32f4xx_hal_gpio.o
 .ARM.attributes
                0x00000121       0x39 obj\debug\stm32f4xx_hal_driver\src\stm32f4xx_hal_msp_template.o
 .ARM.attributes
                0x0000015a       0x39 obj\debug\stm32f4xx_hal_driver\src\stm32f4xx_hal_rcc.o
 .ARM.attributes
                0x00000193       0x39 obj\debug\src\main.o
 .ARM.attributes
                0x000001cc       0x1f obj\debug\src\startup_stm32f4xx.o
 .ARM.attributes
                0x000001eb       0x39 obj\debug\src\stm32f4xx_it.o
 .ARM.attributes
                0x00000224       0x39 obj\debug\src\system_stm32f4xx.o
 .ARM.attributes
                0x0000025d       0x34 d:/program files (x86)/emblocks/2.30/share/em_armgcc/bin/../lib/gcc/arm-none-eabi/4.7.3/../../../../arm-none-eabi/lib/armv7e-m/fpu\libc_n.a(lib_a-exit.o)
 .ARM.attributes
                0x00000291       0x34 d:/program files (x86)/emblocks/2.30/share/em_armgcc/bin/../lib/gcc/arm-none-eabi/4.7.3/../../../../arm-none-eabi/lib/armv7e-m/fpu\libc_n.a(lib_a-impure.o)
 .ARM.attributes
                0x000002c5       0x34 d:/program files (x86)/emblocks/2.30/share/em_armgcc/bin/../lib/gcc/arm-none-eabi/4.7.3/../../../../arm-none-eabi/lib/armv7e-m/fpu\libc_n.a(lib_a-init.o)
 .ARM.attributes
                0x000002f9       0x34 d:/program files (x86)/emblocks/2.30/share/em_armgcc/bin/../lib/gcc/arm-none-eabi/4.7.3/../../../../arm-none-eabi/lib/armv7e-m/fpu\libc_n.a(lib_a-memset.o)
 .ARM.attributes
                0x0000032d       0x34 d:/program files (x86)/emblocks/2.30/share/em_armgcc/bin/../lib/gcc/arm-none-eabi/4.7.3/../../../../arm-none-eabi/lib/armv7e-m/fpu\libnosys.a(_exit.o)
 .ARM.attributes
                0x00000361       0x34 d:/program files (x86)/emblocks/2.30/share/em_armgcc/bin/../lib/gcc/arm-none-eabi/4.7.3/armv7e-m/fpu/crtend.o
 .ARM.attributes
                0x00000395       0x22 d:/program files (x86)/emblocks/2.30/share/em_armgcc/bin/../lib/gcc/arm-none-eabi/4.7.3/armv7e-m/fpu/crtn.o

.comment        0x00000000       0x38
 .comment       0x00000000       0x38 obj\debug\stm32f4xx_hal_driver\src\stm32f4xx_hal.o
                                 0x39 (size before relaxing)
 .comment       0x00000000       0x39 obj\debug\stm32f4xx_hal_driver\src\stm32f4xx_hal_cortex.o
 .comment       0x00000000       0x39 obj\debug\stm32f4xx_hal_driver\src\stm32f4xx_hal_gpio.o
 .comment       0x00000000       0x39 obj\debug\stm32f4xx_hal_driver\src\stm32f4xx_hal_msp_template.o
 .comment       0x00000000       0x39 obj\debug\stm32f4xx_hal_driver\src\stm32f4xx_hal_rcc.o
 .comment       0x00000000       0x39 obj\debug\src\main.o
 .comment       0x00000000       0x39 obj\debug\src\stm32f4xx_it.o
 .comment       0x00000000       0x39 obj\debug\src\system_stm32f4xx.o

.debug_info     0x00000000     0x39ea
 .debug_info    0x00000000      0x90e obj\debug\stm32f4xx_hal_driver\src\stm32f4xx_hal.o
 .debug_info    0x0000090e      0xbac obj\debug\stm32f4xx_hal_driver\src\stm32f4xx_hal_cortex.o
 .debug_info    0x000014ba      0x79a obj\debug\stm32f4xx_hal_driver\src\stm32f4xx_hal_gpio.o
 .debug_info    0x00001c54      0x103 obj\debug\stm32f4xx_hal_driver\src\stm32f4xx_hal_msp_template.o
 .debug_info    0x00001d57      0xef1 obj\debug\stm32f4xx_hal_driver\src\stm32f4xx_hal_rcc.o
 .debug_info    0x00002c48      0x695 obj\debug\src\main.o
 .debug_info    0x000032dd       0x7f obj\debug\src\startup_stm32f4xx.o
 .debug_info    0x0000335c      0x171 obj\debug\src\stm32f4xx_it.o
 .debug_info    0x000034cd      0x51d obj\debug\src\system_stm32f4xx.o

.debug_abbrev   0x00000000      0xc5c
 .debug_abbrev  0x00000000      0x22f obj\debug\stm32f4xx_hal_driver\src\stm32f4xx_hal.o
 .debug_abbrev  0x0000022f      0x280 obj\debug\stm32f4xx_hal_driver\src\stm32f4xx_hal_cortex.o
 .debug_abbrev  0x000004af      0x1af obj\debug\stm32f4xx_hal_driver\src\stm32f4xx_hal_gpio.o
 .debug_abbrev  0x0000065e       0x6c obj\debug\stm32f4xx_hal_driver\src\stm32f4xx_hal_msp_template.o
 .debug_abbrev  0x000006ca      0x299 obj\debug\stm32f4xx_hal_driver\src\stm32f4xx_hal_rcc.o
 .debug_abbrev  0x00000963      0x15b obj\debug\src\main.o
 .debug_abbrev  0x00000abe       0x14 obj\debug\src\startup_stm32f4xx.o
 .debug_abbrev  0x00000ad2       0x84 obj\debug\src\stm32f4xx_it.o
 .debug_abbrev  0x00000b56      0x106 obj\debug\src\system_stm32f4xx.o

.debug_loc      0x00000000     0x11b4
 .debug_loc     0x00000000      0x3cc obj\debug\stm32f4xx_hal_driver\src\stm32f4xx_hal.o
 .debug_loc     0x000003cc      0x610 obj\debug\stm32f4xx_hal_driver\src\stm32f4xx_hal_cortex.o
 .debug_loc     0x000009dc      0x1c0 obj\debug\stm32f4xx_hal_driver\src\stm32f4xx_hal_gpio.o
 .debug_loc     0x00000b9c       0xb0 obj\debug\stm32f4xx_hal_driver\src\stm32f4xx_hal_msp_template.o
 .debug_loc     0x00000c4c      0x2da obj\debug\stm32f4xx_hal_driver\src\stm32f4xx_hal_rcc.o
 .debug_loc     0x00000f26       0x9e obj\debug\src\main.o
 .debug_loc     0x00000fc4      0x18c obj\debug\src\stm32f4xx_it.o
 .debug_loc     0x00001150       0x64 obj\debug\src\system_stm32f4xx.o

.debug_aranges  0x00000000      0x3b0
 .debug_aranges
                0x00000000       0xc0 obj\debug\stm32f4xx_hal_driver\src\stm32f4xx_hal.o
 .debug_aranges
                0x000000c0      0x100 obj\debug\stm32f4xx_hal_driver\src\stm32f4xx_hal_cortex.o
 .debug_aranges
                0x000001c0       0x58 obj\debug\stm32f4xx_hal_driver\src\stm32f4xx_hal_gpio.o
 .debug_aranges
                0x00000218       0x38 obj\debug\stm32f4xx_hal_driver\src\stm32f4xx_hal_msp_template.o
 .debug_aranges
                0x00000250       0x88 obj\debug\stm32f4xx_hal_driver\src\stm32f4xx_hal_rcc.o
 .debug_aranges
                0x000002d8       0x30 obj\debug\src\main.o
 .debug_aranges
                0x00000308       0x20 obj\debug\src\startup_stm32f4xx.o
 .debug_aranges
                0x00000328       0x60 obj\debug\src\stm32f4xx_it.o
 .debug_aranges
                0x00000388       0x28 obj\debug\src\system_stm32f4xx.o

.debug_ranges   0x00000000      0x310
 .debug_ranges  0x00000000       0xb0 obj\debug\stm32f4xx_hal_driver\src\stm32f4xx_hal.o
 .debug_ranges  0x000000b0       0xf0 obj\debug\stm32f4xx_hal_driver\src\stm32f4xx_hal_cortex.o
 .debug_ranges  0x000001a0       0x48 obj\debug\stm32f4xx_hal_driver\src\stm32f4xx_hal_gpio.o
 .debug_ranges  0x000001e8       0x28 obj\debug\stm32f4xx_hal_driver\src\stm32f4xx_hal_msp_template.o
 .debug_ranges  0x00000210       0x78 obj\debug\stm32f4xx_hal_driver\src\stm32f4xx_hal_rcc.o
 .debug_ranges  0x00000288       0x20 obj\debug\src\main.o
 .debug_ranges  0x000002a8       0x50 obj\debug\src\stm32f4xx_it.o
 .debug_ranges  0x000002f8       0x18 obj\debug\src\system_stm32f4xx.o

.debug_macro    0x00000000     0x13ab
 .debug_macro   0x00000000      0x2a6 obj\debug\stm32f4xx_hal_driver\src\stm32f4xx_hal.o
 .debug_macro   0x000002a6      0x258 obj\debug\stm32f4xx_hal_driver\src\stm32f4xx_hal_cortex.o
 .debug_macro   0x000004fe      0x290 obj\debug\stm32f4xx_hal_driver\src\stm32f4xx_hal_gpio.o
 .debug_macro   0x0000078e      0x258 obj\debug\stm32f4xx_hal_driver\src\stm32f4xx_hal_msp_template.o
 .debug_macro   0x000009e6      0x282 obj\debug\stm32f4xx_hal_driver\src\stm32f4xx_hal_rcc.o
 .debug_macro   0x00000c68      0x26b obj\debug\src\main.o
 .debug_macro   0x00000ed3      0x1b4 obj\debug\src\main.o
 .debug_macro   0x00001087      0x279 obj\debug\src\stm32f4xx_it.o
 .debug_macro   0x00001300       0xab obj\debug\src\system_stm32f4xx.o

.debug_line     0x00000000     0x378f
 .debug_line    0x00000000      0x74e obj\debug\stm32f4xx_hal_driver\src\stm32f4xx_hal.o
 .debug_line    0x0000074e      0x86a obj\debug\stm32f4xx_hal_driver\src\stm32f4xx_hal_cortex.o
 .debug_line    0x00000fb8      0x73f obj\debug\stm32f4xx_hal_driver\src\stm32f4xx_hal_gpio.o
 .debug_line    0x000016f7      0x5e9 obj\debug\stm32f4xx_hal_driver\src\stm32f4xx_hal_msp_template.o
 .debug_line    0x00001ce0      0x9aa obj\debug\stm32f4xx_hal_driver\src\stm32f4xx_hal_rcc.o
 .debug_line    0x0000268a      0x6c3 obj\debug\src\main.o
 .debug_line    0x00002d4d       0xcc obj\debug\src\startup_stm32f4xx.o
 .debug_line    0x00002e19      0x664 obj\debug\src\stm32f4xx_it.o
 .debug_line    0x0000347d      0x312 obj\debug\src\system_stm32f4xx.o

.debug_str      0x00000000    0x55569
 .debug_str     0x00000000    0x53f0c obj\debug\stm32f4xx_hal_driver\src\stm32f4xx_hal.o
                              0x54290 (size before relaxing)
 .debug_str     0x00053f0c      0x2e3 obj\debug\stm32f4xx_hal_driver\src\stm32f4xx_hal_cortex.o
                              0x5402d (size before relaxing)
 .debug_str     0x000541ef      0x2df obj\debug\stm32f4xx_hal_driver\src\stm32f4xx_hal_gpio.o
                              0x53cb9 (size before relaxing)
 .debug_str     0x000544ce       0x58 obj\debug\stm32f4xx_hal_driver\src\stm32f4xx_hal_msp_template.o
                              0x538b9 (size before relaxing)
 .debug_str     0x00054526      0x3a6 obj\debug\stm32f4xx_hal_driver\src\stm32f4xx_hal_rcc.o
                              0x53e3d (size before relaxing)
 .debug_str     0x000548cc      0xb91 obj\debug\src\main.o
                              0x54681 (size before relaxing)
 .debug_str     0x0005545d       0xb5 obj\debug\src\stm32f4xx_it.o
                              0x54415 (size before relaxing)
 .debug_str     0x00055512       0x57 obj\debug\src\system_stm32f4xx.o
                              0x24515 (size before relaxing)

.debug_frame    0x00000000      0xac4
 .debug_frame   0x00000000      0x230 obj\debug\stm32f4xx_hal_driver\src\stm32f4xx_hal.o
 .debug_frame   0x00000230      0x35c obj\debug\stm32f4xx_hal_driver\src\stm32f4xx_hal_cortex.o
 .debug_frame   0x0000058c       0xf4 obj\debug\stm32f4xx_hal_driver\src\stm32f4xx_hal_gpio.o
 .debug_frame   0x00000680       0x70 obj\debug\stm32f4xx_hal_driver\src\stm32f4xx_hal_msp_template.o
 .debug_frame   0x000006f0      0x1a8 obj\debug\stm32f4xx_hal_driver\src\stm32f4xx_hal_rcc.o
 .debug_frame   0x00000898       0x68 obj\debug\src\main.o
 .debug_frame   0x00000900       0xec obj\debug\src\stm32f4xx_it.o
 .debug_frame   0x000009ec       0x44 obj\debug\src\system_stm32f4xx.o
 .debug_frame   0x00000a30       0x28 d:/program files (x86)/emblocks/2.30/share/em_armgcc/bin/../lib/gcc/arm-none-eabi/4.7.3/../../../../arm-none-eabi/lib/armv7e-m/fpu\libc_n.a(lib_a-exit.o)
 .debug_frame   0x00000a58       0x2c d:/program files (x86)/emblocks/2.30/share/em_armgcc/bin/../lib/gcc/arm-none-eabi/4.7.3/../../../../arm-none-eabi/lib/armv7e-m/fpu\libc_n.a(lib_a-init.o)
 .debug_frame   0x00000a84       0x20 d:/program files (x86)/emblocks/2.30/share/em_armgcc/bin/../lib/gcc/arm-none-eabi/4.7.3/../../../../arm-none-eabi/lib/armv7e-m/fpu\libc_n.a(lib_a-memset.o)
 .debug_frame   0x00000aa4       0x20 d:/program files (x86)/emblocks/2.30/share/em_armgcc/bin/../lib/gcc/arm-none-eabi/4.7.3/../../../../arm-none-eabi/lib/armv7e-m/fpu\libnosys.a(_exit.o)
